// Jest Snapshot v1, https://goo.gl/fbAQLP

exports[`Link changes the class when hovered 1`] = `
<div
  className="App"
>
  <div
    className="main"
  >
    <div
      className="navbar"
    >
      <div
        className="logo"
      >
        <img
          alt="logo"
          className="logo"
          src="Your Logo.svg"
        />
      </div>
      <ul
        className="ul"
      >
        <a
          href="/#"
        >
          <li
            className="li"
          >
            Explore
          </li>
        </a>
        <a
          href="/#"
        >
          <li
            className="li"
            id="aboutus"
          >
            About Us
          </li>
        </a>
        <a
          href="/#"
        >
          <li
            className="li"
          >
            Cities
             
            <span>
              <img
                alt="down"
                className="span-arrow"
                src="image 2.svg"
              />
            </span>
          </li>
        </a>
        <a
          href="/#"
        >
          <li
            className="li"
            id="call"
          >
            Call
          </li>
        </a>
      </ul>
      <div
        className="headers"
      >
        <p
          className="header"
        >
          Rethink your living & renting
        </p>
        <p
          className="sub-header"
        >
          Make your stay painless with us
        </p>
      </div>
      <div
        className="rectangle3"
      />
      <div
        className="rectangle-1"
      >
        <p
          className="rectangle-textup"
        >
          CITY
        </p>
        <p
          className="rectangle-textbottom"
        >
          Select your city
        </p>
      </div>
      <div
        className="rectangle-2"
      >
        <p
          className="rectangle-textup"
        >
          DATES
        </p>
        <p
          className="rectangle-textbottom"
        >
          Select your dates
        </p>
      </div>
      <div
        className="rectangle-3"
      >
        <p
          className="rectangle-textup"
        >
          GUESTS
        </p>
        <p
          className="rectangle-textbottom"
        >
          Add guests
        </p>
      </div>
      <div
        className="rectangle-4"
      >
        <p
          className="rectangle-4text"
        >
          <span>
            <img
              alt="search"
              className="micropy"
              src="search.svg"
            />
          </span>
          Search
        </p>
      </div>
      <img
        alt="vec"
        className="vec"
        src="Vector (1).png"
      />
      <img
        alt="arrow"
        className="downarrow"
        src="image 2.svg"
      />
    </div>
  </div>
  <div
    className="explore"
  >
    <div
      className="explore-text"
    >
      <p
        className="explore-header"
      >
        Explore
      </p>
      <p
        className="explore-p"
      >
        From one-guest rooms to penthouses with pools and gardens
      </p>
    </div>
    <div
      className="explore-grids"
    >
      <div
        className="grid1"
      >
        <div
          className="grid1-trans"
        >
          <p
            className="grid-text"
          >
            Room with one king-size bed
          </p>
          <button
            className="grd-btn"
          >
            35$
          </button>
          <button
            className="grd-btn1"
          >
            28м²
          </button>
          <button
            className="grd-btn2"
          >
            Book!
          </button>
        </div>
      </div>
      <div
        className="grid2"
      >
        <div
          className="grid1-trans"
        >
          <p
            className="grid-text"
          >
            Penthouse for 8 person
          </p>
          <button
            className="grd-btn"
          >
            2039$
          </button>
          <button
            className="grd-btn1"
          >
            438м²
          </button>
          <button
            className="grd-btn2"
          >
            Book!
          </button>
        </div>
      </div>
    </div>
  </div>
  <div
    className="about"
    id="aboutus"
  >
    <div
      className="about-header"
    >
      <h1
        className="about-h1"
      >
        About Us
      </h1>
      <p
        className="about-p"
      >
        Allow us to tell you a short story...
      </p>
    </div>
    <div
      className="about-grids"
    >
      <div
        className="about-grid1"
      >
        <div
          className="rectangle12"
        >
          <h1
            className="rectangle12-header"
          >
            Chapter I
          </h1>
          <p
            className="rectangle12-p"
          >
            Lorem ipsum dolor sit amet, consectetur adipiscing elit, sed do eiusmod tempor incididun
          </p>
        </div>
      </div>
      <div
        className="about-grid2"
      >
        <div
          className="rectangle13"
        >
          <h1
            className="rectangle12-header"
          >
            Chapter II
          </h1>
          <p
            className="rectangle12-p"
          >
            Lorem ipsum dolor sit amet, consectetur adipiscing elit, sed do eiusmod tempor incididun
          </p>
        </div>
      </div>
      <div
        className="about-grid3"
      >
        <div
          className="rectangle14"
        >
          <h1
            className="rectangle12-header"
          >
            Chapter III
          </h1>
          <p
            className="rectangle12-p"
          >
            Lorem ipsum dolor sit amet, consectetur adipiscing elit, sed do eiusmod tempor incididun
          </p>
        </div>
      </div>
      <div
        className="about-grid4"
      >
        <div
          className="rectangle15"
        >
          <h1
            className="rectangle12-header"
          >
            Chapter IV
          </h1>
          <p
            className="rectangle12-p"
          >
            Lorem ipsum dolor sit amet, consectetur adipiscing elit, sed do eiusmod tempor incididun
          </p>
        </div>
      </div>
    </div>
  </div>
  <div
    className="bottom-nav"
  >
    <div
      className="bottom-navbar"
    >
      <div
        className="logo"
      >
        <img
          alt="logo"
          className="logo"
          src="Your Logo2.svg"
        />
      </div>
      <ul
        className="bottom-ul"
      >
        <li
          className="bottom-li"
        >
          Explore
        </li>
        <li
          className="bottom-li"
        >
          About Us
        </li>
        <li
          className="bottom-li"
        >
          Cities 
        </li>
        <li
          className="bottom-li"
          id="bottom-call"
        >
          Call
        </li>
      </ul>
      <p
        className="copyright"
      >
        © 2021 Company Name All rights reserved
      </p>
    </div>
  </div>
</div>
`;
